// Jest Snapshot v1, https://goo.gl/fbAQLP

exports[`matches cart snapshot 1`] = `
<div
  className="main-screen"
  data-testid="cart-1"
>
  Cart - check signed in
</div>
`;
