// Jest Snapshot v1, https://goo.gl/fbAQLP

exports[`matches home snapshot 1`] = `
<div>
  <div
    className="main-screen mx-auto"
    data-testid="home-1"
  >
    <div
      className="main-screen container-fluid mx-2"
      data-testid="category-1"
    >
      <div
        className="row mt-5 mx-2"
      >
        <div
          className="col-md-3"
        >
          <button
            className="btn btn-info w-100 mb-4"
            onClick={[Function]}
          >
            All
          </button>
          <button
            className="btn btn-info w-100 mb-4"
            onClick={[Function]}
          >
            Series 1
          </button>
          <button
            className="btn btn-info w-100 mb-4"
            onClick={[Function]}
          >
            Series 2
          </button>
          <button
            className="btn btn-info w-100 mb-4"
            onClick={[Function]}
          >
            Series 3
          </button>
          <button
            className="btn btn-info w-100 mb-4"
            onClick={[Function]}
          >
            Series 4
          </button>
          <button
            className="btn btn-info w-100 mb-4"
            onClick={[Function]}
          >
            Series 5
          </button>
          <button
            className="btn btn-info w-100 mb-4"
            onClick={[Function]}
          >
            Series 6
          </button>
          <button
            className="btn btn-info w-100 mb-4"
            onClick={[Function]}
          >
            Series 7
          </button>
          <button
            className="btn btn-info w-100 mb-4"
            onClick={[Function]}
          >
            Special Edition
          </button>
        </div>
        <div
          className="col-md-9"
        >
          <div
            className="row"
          />
        </div>
      </div>
    </div>
  </div>
</div>
`;
