// Jest Snapshot v1, https://goo.gl/fbAQLP

exports[`matches sitemap snapshot 1`] = `
<div
  className="main-screen"
  data-testid="sitemap-1"
>
  <h2>
     Sitemap
  </h2>
  <p>
    Lorem ipsum dolor 
  </p>
  <p>
    Qui deleniti velit ea ipsam
  </p>
  <p>
    Sit sequi nostrum qui
  </p>
</div>
`;
